// Jest Snapshot v1, https://goo.gl/fbAQLP

exports[`workers/branch/automerge commitFilesToBranch commits files 1`] = `
Array [
  Array [
    Object {
      "branchName": "renovate/some-branch",
      "files": Array [
        Object {
          "contents": "some contents",
          "name": "package.json",
        },
      ],
      "force": false,
      "message": "some commit message",
    },
  ],
]
`;

exports[`workers/branch/automerge commitFilesToBranch dry runs 1`] = `
Array [
  Array [
    Object {
      "commitMessage": "some commit message",
      "updatedFiles": "
package.json
<<<
some contents
>>>

",
    },
    "DRY-RUN: Would commit files to branch renovate/some-branch",
  ],
]
`;
